// Jest Snapshot v1, https://goo.gl/fbAQLP

exports[`Badge renders correctly 1`] = `
<button
  className="btnLinearGradient"
  onClick={[Function]}
>
  <span
    className="btnLinearGradientText"
  >
    asdfs
  </span>
</button>
`;
