// Jest Snapshot v1, https://goo.gl/fbAQLP

exports[`Badge renders correctly 1`] = `
<button
  className="btnPrimary"
  onClick={[Function]}
  style={
    {
      "backgroundColor": "#FF963C",
    }
  }
>
  <span
    className="btnPrimaryText"
  >
    asdfs
  </span>
</button>
`;
